Obtaining file:///. (from -r requirements/base.txt (line 8))
  Preparing metadata (setup.py): started
  Preparing metadata (setup.py): finished with status 'done'
Collecting alembic==1.6.5
  Using cached alembic-1.6.5-py2.py3-none-any.whl (164 kB)
Collecting amqp==5.1.1
  Using cached amqp-5.1.1-py3-none-any.whl (50 kB)
Collecting apispec[yaml]==6.3.0
  Using cached apispec-6.3.0-py3-none-any.whl (29 kB)
Collecting apsw==3.42.0.1
  Using cached apsw-3.42.0.1-cp39-cp39-manylinux_2_17_x86_64.manylinux2014_x86_64.whl (4.9 MB)
Collecting async-timeout==4.0.2
  Using cached async_timeout-4.0.2-py3-none-any.whl (5.8 kB)
Collecting attrs==23.1.0
  Using cached attrs-23.1.0-py3-none-any.whl (61 kB)
Collecting babel==2.9.1
  Using cached Babel-2.9.1-py2.py3-none-any.whl (8.8 MB)
Collecting backoff==1.11.1
  Using cached backoff-1.11.1-py2.py3-none-any.whl (13 kB)
Collecting bcrypt==4.0.1
  Using cached bcrypt-4.0.1-cp36-abi3-manylinux_2_28_x86_64.whl (593 kB)
Collecting billiard==4.2.0
  Using cached billiard-4.2.0-py3-none-any.whl (86 kB)
Collecting bottleneck==1.3.7
  Using cached Bottleneck-1.3.7-cp39-cp39-manylinux_2_5_x86_64.manylinux1_x86_64.manylinux_2_17_x86_64.manylinux2014_x86_64.whl (353 kB)
Collecting brotli==1.0.9
  Using cached Brotli-1.0.9-cp39-cp39-manylinux1_x86_64.whl (357 kB)
Collecting cachelib==0.9.0
  Using cached cachelib-0.9.0-py3-none-any.whl (15 kB)
Collecting cachetools==5.3.2
  Using cached cachetools-5.3.2-py3-none-any.whl (9.3 kB)
Collecting cattrs==23.2.1
  Using cached cattrs-23.2.1-py3-none-any.whl (57 kB)
Collecting celery==5.3.6
  Using cached celery-5.3.6-py3-none-any.whl (422 kB)
Collecting certifi==2023.7.22
  Using cached certifi-2023.7.22-py3-none-any.whl (158 kB)
Collecting cffi==1.15.1
  Using cached cffi-1.15.1-cp39-cp39-manylinux_2_17_x86_64.manylinux2014_x86_64.whl (441 kB)
Collecting charset-normalizer==3.2.0
  Using cached charset_normalizer-3.2.0-cp39-cp39-manylinux_2_17_x86_64.manylinux2014_x86_64.whl (202 kB)
Collecting click==8.1.3
  Using cached click-8.1.3-py3-none-any.whl (96 kB)
Collecting click-didyoumean==0.3.0
  Using cached click_didyoumean-0.3.0-py3-none-any.whl (2.7 kB)
Collecting click-option-group==0.5.5
  Using cached click_option_group-0.5.5-py3-none-any.whl (12 kB)
Collecting click-plugins==1.1.1
  Using cached click_plugins-1.1.1-py2.py3-none-any.whl (7.5 kB)
Collecting click-repl==0.2.0
  Using cached click_repl-0.2.0-py3-none-any.whl (5.2 kB)
Collecting colorama==0.4.6
  Using cached colorama-0.4.6-py2.py3-none-any.whl (25 kB)
Collecting cron-descriptor==1.2.24
  Using cached cron_descriptor-1.2.24.tar.gz (22 kB)
  Preparing metadata (setup.py): started
  Preparing metadata (setup.py): finished with status 'done'
Collecting croniter==1.0.15
  Using cached croniter-1.0.15-py2.py3-none-any.whl (16 kB)
Collecting cryptography==42.0.5
  Using cached cryptography-42.0.5-cp39-abi3-manylinux_2_28_x86_64.whl (4.6 MB)
Collecting deprecated==1.2.13
  Using cached Deprecated-1.2.13-py2.py3-none-any.whl (9.6 kB)
Collecting deprecation==2.1.0
  Using cached deprecation-2.1.0-py2.py3-none-any.whl (11 kB)
Collecting dnspython==2.1.0
  Using cached dnspython-2.1.0-py3-none-any.whl (241 kB)
Collecting email-validator==1.1.3
  Using cached email_validator-1.1.3-py2.py3-none-any.whl (18 kB)
Collecting flask==2.2.5
  Using cached Flask-2.2.5-py3-none-any.whl (101 kB)
Collecting flask-appbuilder==4.4.1
  Using cached Flask_AppBuilder-4.4.1-py3-none-any.whl (2.2 MB)
Collecting flask-babel==1.0.0
  Using cached Flask_Babel-1.0.0-py3-none-any.whl (9.5 kB)
Collecting flask-caching==2.1.0
  Using cached Flask_Caching-2.1.0-py3-none-any.whl (28 kB)
Collecting flask-compress==1.13
  Using cached Flask_Compress-1.13-py3-none-any.whl (7.9 kB)
Collecting flask-jwt-extended==4.3.1
  Using cached Flask_JWT_Extended-4.3.1-py2.py3-none-any.whl (20 kB)
Collecting flask-limiter==3.3.1
  Using cached Flask_Limiter-3.3.1-py3-none-any.whl (27 kB)
Collecting flask-login==0.6.3
  Using cached Flask_Login-0.6.3-py3-none-any.whl (17 kB)
Collecting flask-migrate==3.1.0
  Using cached Flask_Migrate-3.1.0-py3-none-any.whl (20 kB)
Collecting flask-session==0.5.0
  Using cached flask_session-0.5.0-py3-none-any.whl (7.2 kB)
Collecting flask-sqlalchemy==2.5.1
  Using cached Flask_SQLAlchemy-2.5.1-py2.py3-none-any.whl (17 kB)
Collecting flask-talisman==1.0.0
  Using cached flask_talisman-1.0.0-py2.py3-none-any.whl (18 kB)
Collecting flask-wtf==1.2.1
  Using cached flask_wtf-1.2.1-py3-none-any.whl (12 kB)
Collecting func-timeout==4.3.5
  Using cached func_timeout-4.3.5.tar.gz (44 kB)
  Preparing metadata (setup.py): started
  Preparing metadata (setup.py): finished with status 'done'
Collecting geographiclib==1.52
  Using cached geographiclib-1.52-py3-none-any.whl (38 kB)
Collecting geopy==2.2.0
  Using cached geopy-2.2.0-py3-none-any.whl (118 kB)
Collecting google-auth==2.27.0
  Using cached google_auth-2.27.0-py2.py3-none-any.whl (186 kB)
Collecting greenlet==3.1.1
  Using cached greenlet-3.1.1-cp39-cp39-manylinux_2_24_x86_64.manylinux_2_28_x86_64.whl (597 kB)
Collecting gunicorn==22.0.0
  Using cached gunicorn-22.0.0-py3-none-any.whl (84 kB)
Collecting hashids==1.3.1
  Using cached hashids-1.3.1-py2.py3-none-any.whl (6.6 kB)
Collecting holidays==0.25
  Using cached holidays-0.25-py3-none-any.whl (514 kB)
Collecting humanize==3.11.0
  Using cached humanize-3.11.0-py3-none-any.whl (90 kB)
Collecting idna==3.2
  Using cached idna-3.2-py3-none-any.whl (59 kB)
Collecting importlib-metadata==6.6.0
  Using cached importlib_metadata-6.6.0-py3-none-any.whl (22 kB)
Collecting importlib-resources==5.12.0
  Using cached importlib_resources-5.12.0-py3-none-any.whl (36 kB)
Collecting isodate==0.6.0
  Using cached isodate-0.6.0-py2.py3-none-any.whl (45 kB)
Collecting itsdangerous==2.1.2
  Using cached itsdangerous-2.1.2-py3-none-any.whl (15 kB)
Collecting jinja2==3.1.3
  Using cached Jinja2-3.1.3-py3-none-any.whl (133 kB)
Collecting jsonschema==4.17.3
  Using cached jsonschema-4.17.3-py3-none-any.whl (90 kB)
Collecting kombu==5.3.4
  Using cached kombu-5.3.4-py3-none-any.whl (199 kB)
Collecting korean-lunar-calendar==0.3.1
  Using cached korean_lunar_calendar-0.3.1-py3-none-any.whl (9.0 kB)
Collecting limits==3.4.0
  Using cached limits-3.4.0-py3-none-any.whl (43 kB)
Collecting llvmlite==0.40.1
  Using cached llvmlite-0.40.1-cp39-cp39-manylinux_2_17_x86_64.manylinux2014_x86_64.whl (42.1 MB)
Collecting mako==1.2.4
  Using cached Mako-1.2.4-py3-none-any.whl (78 kB)
Collecting markdown==3.3.4
  Using cached Markdown-3.3.4-py3-none-any.whl (97 kB)
Collecting markdown-it-py==2.2.0
  Using cached markdown_it_py-2.2.0-py3-none-any.whl (84 kB)
Collecting markupsafe==2.1.1
  Using cached MarkupSafe-2.1.1-cp39-cp39-manylinux_2_17_x86_64.manylinux2014_x86_64.whl (25 kB)
Collecting marshmallow==3.19.0
  Using cached marshmallow-3.19.0-py3-none-any.whl (49 kB)
Collecting marshmallow-sqlalchemy==0.23.1
  Using cached marshmallow_sqlalchemy-0.23.1-py2.py3-none-any.whl (18 kB)
Collecting mdurl==0.1.2
  Using cached mdurl-0.1.2-py3-none-any.whl (10.0 kB)
Collecting msgpack==1.0.2
  Using cached msgpack-1.0.2-cp39-cp39-manylinux1_x86_64.whl (294 kB)
Collecting nh3==0.2.11
  Using cached nh3-0.2.11-cp37-abi3-manylinux_2_17_x86_64.manylinux2014_x86_64.whl (1.6 MB)
Collecting numba==0.57.1
  Using cached numba-0.57.1-cp39-cp39-manylinux2014_x86_64.manylinux_2_17_x86_64.whl (3.6 MB)
Collecting numexpr==2.9.0
  Using cached numexpr-2.9.0-cp39-cp39-manylinux_2_17_x86_64.manylinux2014_x86_64.whl (374 kB)
Collecting numpy==1.23.5
  Using cached numpy-1.23.5-cp39-cp39-manylinux_2_17_x86_64.manylinux2014_x86_64.whl (17.1 MB)
Collecting ordered-set==4.1.0
  Using cached ordered_set-4.1.0-py3-none-any.whl (7.6 kB)
Collecting packaging==23.1
  Using cached packaging-23.1-py3-none-any.whl (48 kB)
Collecting pandas[performance]==2.0.3
  Using cached pandas-2.0.3-cp39-cp39-manylinux_2_17_x86_64.manylinux2014_x86_64.whl (12.4 MB)
Collecting paramiko==3.4.0
  Using cached paramiko-3.4.0-py3-none-any.whl (225 kB)
Collecting parsedatetime==2.6
  Using cached parsedatetime-2.6-py3-none-any.whl (42 kB)
Collecting pgsanity==0.2.9
  Using cached pgsanity-0.2.9.tar.gz (7.5 kB)
  Preparing metadata (setup.py): started
  Preparing metadata (setup.py): finished with status 'done'
Collecting platformdirs==3.8.1
  Using cached platformdirs-3.8.1-py3-none-any.whl (16 kB)
Collecting polyline==2.0.0
  Using cached polyline-2.0.0-py3-none-any.whl (6.0 kB)
Collecting prison==0.2.1
  Using cached prison-0.2.1-py2.py3-none-any.whl (5.8 kB)
Collecting prompt-toolkit==3.0.38
  Using cached prompt_toolkit-3.0.38-py3-none-any.whl (385 kB)
Collecting pyarrow==14.0.1
  Using cached pyarrow-14.0.1-cp39-cp39-manylinux_2_28_x86_64.whl (38.0 MB)
Collecting pyasn1==0.5.1
  Using cached pyasn1-0.5.1-py2.py3-none-any.whl (84 kB)
Collecting pyasn1-modules==0.3.0
  Using cached pyasn1_modules-0.3.0-py2.py3-none-any.whl (181 kB)
Collecting pycparser==2.20
  Using cached pycparser-2.20-py2.py3-none-any.whl (112 kB)
Collecting pygments==2.15.0
  Using cached Pygments-2.15.0-py3-none-any.whl (1.1 MB)
Collecting pyjwt==2.4.0
  Using cached PyJWT-2.4.0-py3-none-any.whl (18 kB)
Collecting pynacl==1.5.0
  Using cached PyNaCl-1.5.0-cp36-abi3-manylinux_2_17_x86_64.manylinux2014_x86_64.manylinux_2_24_x86_64.whl (856 kB)
Collecting pyparsing==3.0.6
  Using cached pyparsing-3.0.6-py3-none-any.whl (97 kB)
Collecting pyrsistent==0.19.3
  Using cached pyrsistent-0.19.3-py3-none-any.whl (57 kB)
Collecting python-dateutil==2.8.2
  Using cached python_dateutil-2.8.2-py2.py3-none-any.whl (247 kB)
Collecting python-dotenv==0.19.0
  Using cached python_dotenv-0.19.0-py2.py3-none-any.whl (17 kB)
Collecting python-editor==1.0.4
  Using cached python_editor-1.0.4-py3-none-any.whl (4.9 kB)
Collecting python-geohash==0.8.5
  Using cached python-geohash-0.8.5.tar.gz (17 kB)
  Preparing metadata (setup.py): started
  Preparing metadata (setup.py): finished with status 'done'
Collecting pytz==2021.3
  Using cached pytz-2021.3-py2.py3-none-any.whl (503 kB)
Collecting pyyaml==6.0.1
  Using cached PyYAML-6.0.1-cp39-cp39-manylinux_2_17_x86_64.manylinux2014_x86_64.whl (738 kB)
Collecting redis==4.5.4
  Using cached redis-4.5.4-py3-none-any.whl (238 kB)
Collecting requests==2.31.0
  Using cached requests-2.31.0-py3-none-any.whl (62 kB)
Collecting requests-cache==1.1.1
  Using cached requests_cache-1.1.1-py3-none-any.whl (60 kB)
Collecting rich==13.3.4
  Using cached rich-13.3.4-py3-none-any.whl (238 kB)
Collecting rsa==4.9
  Using cached rsa-4.9-py3-none-any.whl (34 kB)
Collecting selenium==4.15.1
  Using cached selenium-4.15.1-py3-none-any.whl (10.2 MB)
Collecting shillelagh[gsheetsapi]==1.2.10
  Using cached shillelagh-1.2.10-py2.py3-none-any.whl (99 kB)
Collecting shortid==0.1.2
  Using cached shortid-0.1.2.tar.gz (1.9 kB)
  Preparing metadata (setup.py): started
  Preparing metadata (setup.py): finished with status 'done'
Collecting simplejson==3.17.3
  Using cached simplejson-3.17.3-cp39-cp39-manylinux_2_5_x86_64.manylinux1_x86_64.manylinux_2_12_x86_64.manylinux2010_x86_64.whl (135 kB)
Collecting six==1.16.0
  Using cached six-1.16.0-py2.py3-none-any.whl (11 kB)
Collecting slack-sdk==3.21.3
  Using cached slack_sdk-3.21.3-py2.py3-none-any.whl (276 kB)
Collecting sqlalchemy==1.4.36
  Using cached SQLAlchemy-1.4.36-cp39-cp39-manylinux_2_5_x86_64.manylinux1_x86_64.manylinux_2_17_x86_64.manylinux2014_x86_64.whl (1.6 MB)
Collecting sqlalchemy-utils==0.38.3
  Using cached SQLAlchemy_Utils-0.38.3-py3-none-any.whl (100 kB)
Collecting sqlglot==23.0.2
  Using cached sqlglot-23.0.2-py3-none-any.whl (378 kB)
Collecting sqlparse==0.5.0
  Using cached sqlparse-0.5.0-py3-none-any.whl (43 kB)
Collecting sshtunnel==0.4.0
  Using cached sshtunnel-0.4.0-py2.py3-none-any.whl (24 kB)
Collecting tabulate==0.8.9
  Using cached tabulate-0.8.9-py3-none-any.whl (25 kB)
Collecting typing-extensions==4.4.0
  Using cached typing_extensions-4.4.0-py3-none-any.whl (26 kB)
Collecting tzdata==2023.3
  Using cached tzdata-2023.3-py2.py3-none-any.whl (341 kB)
Collecting url-normalize==1.4.3
  Using cached url_normalize-1.4.3-py2.py3-none-any.whl (6.8 kB)
Collecting urllib3==1.26.18
  Using cached urllib3-1.26.18-py2.py3-none-any.whl (143 kB)
Collecting vine==5.1.0
  Using cached vine-5.1.0-py3-none-any.whl (9.6 kB)
Collecting wcwidth==0.2.5
  Using cached wcwidth-0.2.5-py2.py3-none-any.whl (30 kB)
Collecting werkzeug==3.0.3
  Using cached werkzeug-3.0.3-py3-none-any.whl (227 kB)
Collecting wrapt==1.15.0
  Using cached wrapt-1.15.0-cp39-cp39-manylinux_2_5_x86_64.manylinux1_x86_64.manylinux_2_17_x86_64.manylinux2014_x86_64.whl (78 kB)
Collecting wtforms==2.3.3
  Using cached WTForms-2.3.3-py2.py3-none-any.whl (169 kB)
Collecting wtforms-json==0.3.5
  Using cached WTForms-JSON-0.3.5.tar.gz (12 kB)
  Preparing metadata (setup.py): started
  Preparing metadata (setup.py): finished with status 'done'
Collecting xlsxwriter==3.0.7
  Using cached XlsxWriter-3.0.7-py3-none-any.whl (152 kB)
Collecting zipp==3.15.0
  Using cached zipp-3.15.0-py3-none-any.whl (6.8 kB)
Collecting setuptools==70.0.0
  Using cached setuptools-70.0.0-py3-none-any.whl (863 kB)
Collecting appnope==0.1.3
  Using cached appnope-0.1.3-py2.py3-none-any.whl (4.4 kB)
Collecting astroid==2.15.8
  Using cached astroid-2.15.8-py3-none-any.whl (278 kB)
Collecting asttokens==2.2.1
  Using cached asttokens-2.2.1-py2.py3-none-any.whl (26 kB)
Collecting backcall==0.2.0
  Using cached backcall-0.2.0-py2.py3-none-any.whl (11 kB)
Collecting boto3==1.26.130
  Using cached boto3-1.26.130-py3-none-any.whl (135 kB)
Collecting botocore==1.29.130
  Using cached botocore-1.29.130-py3-none-any.whl (10.7 MB)
Collecting cached-property==1.5.2
  Using cached cached_property-1.5.2-py2.py3-none-any.whl (7.6 kB)
Collecting chardet==5.1.0
  Using cached chardet-5.1.0-py3-none-any.whl (199 kB)
Collecting decorator==5.1.1
  Using cached decorator-5.1.1-py3-none-any.whl (9.1 kB)
Collecting dill==0.3.6
  Using cached dill-0.3.6-py3-none-any.whl (110 kB)
Collecting et-xmlfile==1.1.0
  Using cached et_xmlfile-1.1.0-py3-none-any.whl (4.7 kB)
Collecting executing==1.2.0
  Using cached executing-1.2.0-py2.py3-none-any.whl (24 kB)
Collecting flask-cors==3.0.10
  Using cached Flask_Cors-3.0.10-py2.py3-none-any.whl (14 kB)
Collecting future==0.18.3
  Using cached future-0.18.3.tar.gz (840 kB)
  Preparing metadata (setup.py): started
  Preparing metadata (setup.py): finished with status 'done'
Collecting ijson==3.2.0.post0
  Using cached ijson-3.2.0.post0-cp39-cp39-manylinux_2_17_x86_64.manylinux2014_x86_64.whl (112 kB)
Collecting ipython==8.12.2
  Using cached ipython-8.12.2-py3-none-any.whl (797 kB)
Collecting isort==5.12.0
  Using cached isort-5.12.0-py3-none-any.whl (91 kB)
Collecting jedi==0.18.2
  Using cached jedi-0.18.2-py2.py3-none-any.whl (1.6 MB)
Collecting jmespath==1.0.1
  Using cached jmespath-1.0.1-py3-none-any.whl (20 kB)
Collecting jsonlines==3.1.0
  Using cached jsonlines-3.1.0-py3-none-any.whl (8.6 kB)
Collecting lazy-object-proxy==1.9.0
  Using cached lazy_object_proxy-1.9.0-cp39-cp39-manylinux_2_5_x86_64.manylinux1_x86_64.manylinux_2_17_x86_64.manylinux2014_x86_64.whl (62 kB)
Collecting linear-tsv==1.1.0
  Using cached linear-tsv-1.1.0.tar.gz (9.6 kB)
  Preparing metadata (setup.py): started
  Preparing metadata (setup.py): finished with status 'done'
Collecting matplotlib-inline==0.1.6
  Using cached matplotlib_inline-0.1.6-py3-none-any.whl (9.4 kB)
Collecting mccabe==0.7.0
  Using cached mccabe-0.7.0-py2.py3-none-any.whl (7.3 kB)
Collecting mysqlclient==2.1.0
  Using cached mysqlclient-2.1.0.tar.gz (87 kB)
  Preparing metadata (setup.py): started
  Preparing metadata (setup.py): finished with status 'done'
Collecting openpyxl==3.1.2
  Using cached openpyxl-3.1.2-py2.py3-none-any.whl (249 kB)
Collecting parso==0.8.3
  Using cached parso-0.8.3-py2.py3-none-any.whl (100 kB)
Collecting pexpect==4.8.0
  Using cached pexpect-4.8.0-py2.py3-none-any.whl (59 kB)
Collecting pickleshare==0.7.5
  Using cached pickleshare-0.7.5-py2.py3-none-any.whl (6.9 kB)
Collecting pillow==10.3.0
  Using cached pillow-10.3.0-cp39-cp39-manylinux_2_28_x86_64.whl (4.5 MB)
Collecting progress==1.6
  Using cached progress-1.6.tar.gz (7.8 kB)
  Preparing metadata (setup.py): started
  Preparing metadata (setup.py): finished with status 'done'
Collecting psycopg2-binary==2.9.6
  Using cached psycopg2_binary-2.9.6-cp39-cp39-manylinux_2_17_x86_64.manylinux2014_x86_64.whl (3.0 MB)
Collecting ptyprocess==0.7.0
  Using cached ptyprocess-0.7.0-py2.py3-none-any.whl (13 kB)
Collecting pure-eval==0.2.2
  Using cached pure_eval-0.2.2-py3-none-any.whl (11 kB)
Collecting pydruid==0.6.5
  Using cached pydruid-0.6.5.tar.gz (133 kB)
  Preparing metadata (setup.py): started
  Preparing metadata (setup.py): finished with status 'done'
Collecting pyhive[hive_pure_sasl]==0.7.0
  Using cached PyHive-0.7.0.tar.gz (46 kB)
  Preparing metadata (setup.py): started
  Preparing metadata (setup.py): finished with status 'done'
Collecting pyinstrument==4.4.0
  Using cached pyinstrument-4.4.0-cp39-cp39-manylinux_2_5_x86_64.manylinux1_x86_64.manylinux_2_17_x86_64.manylinux2014_x86_64.whl (122 kB)
Collecting pylint==2.17.7
  Using cached pylint-2.17.7-py3-none-any.whl (537 kB)
Collecting python-ldap==3.4.3
  Using cached python_ldap-3.4.3-cp39-cp39-linux_x86_64.whl
Collecting rfc3986==2.0.0
  Using cached rfc3986-2.0.0-py2.py3-none-any.whl (31 kB)
Collecting s3transfer==0.6.1
  Using cached s3transfer-0.6.1-py3-none-any.whl (79 kB)
Collecting sqloxide==0.1.33
  Using cached sqloxide-0.1.33-cp39-cp39-manylinux_2_17_x86_64.manylinux2014_x86_64.whl (1.6 MB)
Collecting stack-data==0.6.2
  Using cached stack_data-0.6.2-py3-none-any.whl (24 kB)
Collecting tableschema==1.20.2
  Using cached tableschema-1.20.2-py2.py3-none-any.whl (68 kB)
Collecting tabulator==1.53.5
  Using cached tabulator-1.53.5-py2.py3-none-any.whl (72 kB)
Collecting thrift==0.16.0
  Using cached thrift-0.16.0.tar.gz (59 kB)
  Preparing metadata (setup.py): started
  Preparing metadata (setup.py): finished with status 'done'
Collecting tomlkit==0.11.8
  Using cached tomlkit-0.11.8-py3-none-any.whl (35 kB)
Collecting traitlets==5.9.0
  Using cached traitlets-5.9.0-py3-none-any.whl (117 kB)
Collecting unicodecsv==0.14.1
  Using cached unicodecsv-0.14.1.tar.gz (10 kB)
  Preparing metadata (setup.py): started
  Preparing metadata (setup.py): finished with status 'done'
Collecting xlrd==2.0.1
  Using cached xlrd-2.0.1-py2.py3-none-any.whl (96 kB)
Collecting build==0.10.0
  Using cached build-0.10.0-py3-none-any.whl (17 kB)
Collecting cfgv==3.3.1
  Using cached cfgv-3.3.1-py2.py3-none-any.whl (7.3 kB)
Collecting distlib==0.3.6
  Using cached distlib-0.3.6-py2.py3-none-any.whl (468 kB)
Collecting filelock==3.12.2
  Using cached filelock-3.12.2-py3-none-any.whl (10 kB)
Collecting identify==2.5.24
  Using cached identify-2.5.24-py2.py3-none-any.whl (98 kB)
Collecting nodeenv==1.7.0
  Using cached nodeenv-1.7.0-py2.py3-none-any.whl (21 kB)
Collecting pip-compile-multi==2.6.3
  Using cached pip_compile_multi-2.6.3-py2.py3-none-any.whl (41 kB)
Collecting pip-tools==7.3.0
  Using cached pip_tools-7.3.0-py3-none-any.whl (57 kB)
Collecting pluggy==1.2.0
  Using cached pluggy-1.2.0-py3-none-any.whl (17 kB)
Collecting pre-commit==3.3.3
  Using cached pre_commit-3.3.3-py2.py3-none-any.whl (202 kB)
Collecting pyproject-api==1.5.2
  Using cached pyproject_api-1.5.2-py3-none-any.whl (12 kB)
Collecting pyproject-hooks==1.0.0
  Using cached pyproject_hooks-1.0.0-py3-none-any.whl (9.3 kB)
Collecting toposort==1.10
  Using cached toposort-1.10-py3-none-any.whl (8.5 kB)
Collecting tox==4.6.4
  Using cached tox-4.6.4-py3-none-any.whl (152 kB)
Collecting virtualenv==20.23.1
  Using cached virtualenv-20.23.1-py3-none-any.whl (3.3 MB)
Collecting wheel==0.40.0
  Using cached wheel-0.40.0-py3-none-any.whl (64 kB)
Collecting cmdstanpy==1.1.0
  Using cached cmdstanpy-1.1.0-py3-none-any.whl (83 kB)
Collecting contourpy==1.0.7
  Using cached contourpy-1.0.7-cp39-cp39-manylinux_2_17_x86_64.manylinux2014_x86_64.whl (299 kB)
Collecting coverage[toml]==7.2.5
  Using cached coverage-7.2.5-cp39-cp39-manylinux_2_5_x86_64.manylinux1_x86_64.manylinux_2_17_x86_64.manylinux2014_x86_64.whl (227 kB)
Collecting cycler==0.11.0
  Using cached cycler-0.11.0-py3-none-any.whl (6.4 kB)
Collecting db-dtypes==1.1.1
  Using cached db_dtypes-1.1.1-py2.py3-none-any.whl (14 kB)
Collecting docker==6.1.1
  Using cached docker-6.1.1-py3-none-any.whl (147 kB)
Collecting flask-testing==0.8.1
  Using cached Flask-Testing-0.8.1.tar.gz (45 kB)
  Preparing metadata (setup.py): started
  Preparing metadata (setup.py): finished with status 'done'
Collecting fonttools==4.43.0
  Using cached fonttools-4.43.0-cp39-cp39-manylinux_2_17_x86_64.manylinux2014_x86_64.whl (4.5 MB)
Collecting freezegun==1.2.2
  Using cached freezegun-1.2.2-py3-none-any.whl (17 kB)
Collecting google-api-core[grpc]==2.11.0
  Using cached google_api_core-2.11.0-py3-none-any.whl (120 kB)
Collecting google-auth-oauthlib==1.0.0
  Using cached google_auth_oauthlib-1.0.0-py2.py3-none-any.whl (18 kB)
Collecting google-cloud-bigquery==3.10.0
  Using cached google_cloud_bigquery-3.10.0-py2.py3-none-any.whl (218 kB)
Collecting google-cloud-bigquery-storage==2.19.1
  Using cached google_cloud_bigquery_storage-2.19.1-py2.py3-none-any.whl (190 kB)
Collecting google-cloud-core==2.3.2
  Using cached google_cloud_core-2.3.2-py2.py3-none-any.whl (29 kB)
Collecting google-crc32c==1.5.0
  Using cached google_crc32c-1.5.0-cp39-cp39-manylinux_2_17_x86_64.manylinux2014_x86_64.whl (32 kB)
Collecting google-resumable-media==2.5.0
  Using cached google_resumable_media-2.5.0-py2.py3-none-any.whl (77 kB)
Collecting googleapis-common-protos==1.59.0
  Using cached googleapis_common_protos-1.59.0-py2.py3-none-any.whl (223 kB)
Collecting grpcio==1.60.1
  Using cached grpcio-1.60.1-cp39-cp39-manylinux_2_17_x86_64.manylinux2014_x86_64.whl (5.4 MB)
Collecting grpcio-status==1.60.1
  Using cached grpcio_status-1.60.1-py3-none-any.whl (14 kB)
Collecting iniconfig==2.0.0
  Using cached iniconfig-2.0.0-py3-none-any.whl (5.9 kB)
Collecting jsonschema-spec==0.1.4
  Using cached jsonschema_spec-0.1.4-py3-none-any.whl (12 kB)
Collecting kiwisolver==1.4.4
  Using cached kiwisolver-1.4.4-cp39-cp39-manylinux_2_12_x86_64.manylinux2010_x86_64.whl (1.6 MB)
Collecting matplotlib==3.7.1
  Using cached matplotlib-3.7.1-cp39-cp39-manylinux_2_17_x86_64.manylinux2014_x86_64.whl (11.6 MB)
Collecting oauthlib==3.2.2
  Using cached oauthlib-3.2.2-py3-none-any.whl (151 kB)
Collecting openapi-schema-validator==0.4.4
  Using cached openapi_schema_validator-0.4.4-py3-none-any.whl (9.0 kB)
Collecting openapi-spec-validator==0.5.6
  Using cached openapi_spec_validator-0.5.6-py3-none-any.whl (31 kB)
Collecting pandas-gbq==0.19.1
  Using cached pandas_gbq-0.19.1-py2.py3-none-any.whl (25 kB)
Collecting parameterized==0.9.0
  Using cached parameterized-0.9.0-py2.py3-none-any.whl (20 kB)
Collecting pathable==0.4.3
  Using cached pathable-0.4.3-py3-none-any.whl (9.6 kB)
Collecting playwright==1.48.0
  Using cached playwright-1.48.0-py3-none-manylinux1_x86_64.whl (38.2 MB)
Collecting prophet==1.1.5
  Using cached prophet-1.1.5-py3-none-manylinux_2_17_x86_64.manylinux2014_x86_64.whl (14.4 MB)
Collecting proto-plus==1.22.2
  Using cached proto_plus-1.22.2-py3-none-any.whl (47 kB)
Collecting protobuf==4.23.0
  Using cached protobuf-4.23.0-cp37-abi3-manylinux2014_x86_64.whl (304 kB)
Collecting pydata-google-auth==1.7.0
  Using cached pydata_google_auth-1.7.0-py2.py3-none-any.whl (14 kB)
Collecting pyee==12.0.0
  Using cached pyee-12.0.0-py3-none-any.whl (14 kB)
Collecting pyfakefs==5.2.2
  Using cached pyfakefs-5.2.2-py3-none-any.whl (205 kB)
Collecting pytest==7.3.1
  Using cached pytest-7.3.1-py3-none-any.whl (320 kB)
Collecting pytest-cov==4.0.0
  Using cached pytest_cov-4.0.0-py3-none-any.whl (21 kB)
Collecting pytest-mock==3.10.0
  Using cached pytest_mock-3.10.0-py3-none-any.whl (9.3 kB)
Collecting pytz-deprecation-shim==0.1.0.post0
  Using cached pytz_deprecation_shim-0.1.0.post0-py2.py3-none-any.whl (15 kB)
Collecting requests-oauthlib==1.3.1
  Using cached requests_oauthlib-1.3.1-py2.py3-none-any.whl (23 kB)
Collecting rfc3339-validator==0.1.4
  Using cached rfc3339_validator-0.1.4-py2.py3-none-any.whl (3.5 kB)
Collecting sqlalchemy-bigquery==1.6.1
  Using cached sqlalchemy_bigquery-1.6.1-py2.py3-none-any.whl (32 kB)
Collecting statsd==4.0.1
  Using cached statsd-4.0.1-py2.py3-none-any.whl (13 kB)
Collecting tqdm==4.65.0
  Using cached tqdm-4.65.0-py3-none-any.whl (77 kB)
Collecting trino==0.328.0
  Using cached trino-0.328.0-py3-none-any.whl (52 kB)
Collecting tzlocal==4.3
  Using cached tzlocal-4.3-py3-none-any.whl (20 kB)
Collecting websocket-client==1.5.1
  Using cached websocket_client-1.5.1-py3-none-any.whl (55 kB)
Collecting exceptiongroup>=1.1.1
  Using cached exceptiongroup-1.2.2-py3-none-any.whl (16 kB)
Collecting trio~=0.17
  Using cached trio-0.27.0-py3-none-any.whl (481 kB)
Collecting urllib3[socks]<3,>=1.26
  Downloading urllib3-2.2.3-py3-none-any.whl (126 kB)
     ━━━━━━━━━━━━━━━━━━━━━━━━━━━━━━━━━━━━━━━ 126.3/126.3 kB 3.6 MB/s eta 0:00:00
Collecting trio-websocket~=0.9
  Using cached trio_websocket-0.11.1-py3-none-any.whl (17 kB)
Collecting pure-sasl>=0.6.2
  Using cached pure-sasl-0.6.2.tar.gz (11 kB)
  Preparing metadata (setup.py): started
  Preparing metadata (setup.py): finished with status 'done'
Collecting thrift_sasl>=0.1.0
  Using cached thrift_sasl-0.4.3-py2.py3-none-any.whl (8.3 kB)
Collecting tomli>=1.1.0
  Using cached tomli-2.1.0-py3-none-any.whl (13 kB)
Requirement already satisfied: pip>=22.2 in ./venv/lib/python3.9/site-packages (from pip-tools==7.3.0->-r requirements/integration.txt (line 39)) (23.0.1)
INFO: pip is looking at multiple versions of websocket-client to determine which version is compatible with other requirements. This could take a while.
INFO: pip is looking at multiple versions of tzlocal to determine which version is compatible with other requirements. This could take a while.
INFO: pip is looking at multiple versions of trino to determine which version is compatible with other requirements. This could take a while.
INFO: pip is looking at multiple versions of tqdm to determine which version is compatible with other requirements. This could take a while.
INFO: pip is looking at multiple versions of statsd to determine which version is compatible with other requirements. This could take a while.
INFO: pip is looking at multiple versions of sqlalchemy-bigquery to determine which version is compatible with other requirements. This could take a while.
INFO: pip is looking at multiple versions of rfc3339-validator to determine which version is compatible with other requirements. This could take a while.
INFO: pip is looking at multiple versions of requests-oauthlib to determine which version is compatible with other requirements. This could take a while.
INFO: pip is looking at multiple versions of pytz-deprecation-shim to determine which version is compatible with other requirements. This could take a while.
INFO: pip is looking at multiple versions of pytest-mock to determine which version is compatible with other requirements. This could take a while.
INFO: pip is looking at multiple versions of pytest-cov to determine which version is compatible with other requirements. This could take a while.
INFO: pip is looking at multiple versions of pytest to determine which version is compatible with other requirements. This could take a while.
INFO: pip is looking at multiple versions of pyfakefs to determine which version is compatible with other requirements. This could take a while.
INFO: pip is looking at multiple versions of pyee to determine which version is compatible with other requirements. This could take a while.
INFO: pip is looking at multiple versions of pydata-google-auth to determine which version is compatible with other requirements. This could take a while.
INFO: pip is looking at multiple versions of protobuf to determine which version is compatible with other requirements. This could take a while.
INFO: pip is looking at multiple versions of proto-plus to determine which version is compatible with other requirements. This could take a while.
INFO: pip is looking at multiple versions of prophet to determine which version is compatible with other requirements. This could take a while.
INFO: pip is looking at multiple versions of playwright to determine which version is compatible with other requirements. This could take a while.
INFO: pip is looking at multiple versions of pathable to determine which version is compatible with other requirements. This could take a while.
INFO: pip is looking at multiple versions of parameterized to determine which version is compatible with other requirements. This could take a while.
INFO: pip is looking at multiple versions of pandas-gbq to determine which version is compatible with other requirements. This could take a while.
INFO: pip is looking at multiple versions of openapi-spec-validator to determine which version is compatible with other requirements. This could take a while.
INFO: pip is looking at multiple versions of openapi-schema-validator to determine which version is compatible with other requirements. This could take a while.
INFO: pip is looking at multiple versions of oauthlib to determine which version is compatible with other requirements. This could take a while.
INFO: pip is looking at multiple versions of matplotlib to determine which version is compatible with other requirements. This could take a while.
INFO: pip is looking at multiple versions of kiwisolver to determine which version is compatible with other requirements. This could take a while.
INFO: pip is looking at multiple versions of jsonschema-spec to determine which version is compatible with other requirements. This could take a while.
INFO: pip is looking at multiple versions of iniconfig to determine which version is compatible with other requirements. This could take a while.
INFO: pip is looking at multiple versions of grpcio-status to determine which version is compatible with other requirements. This could take a while.
INFO: pip is looking at multiple versions of grpcio to determine which version is compatible with other requirements. This could take a while.
INFO: pip is looking at multiple versions of googleapis-common-protos to determine which version is compatible with other requirements. This could take a while.
INFO: pip is looking at multiple versions of google-resumable-media to determine which version is compatible with other requirements. This could take a while.
INFO: pip is looking at multiple versions of google-crc32c to determine which version is compatible with other requirements. This could take a while.
INFO: pip is looking at multiple versions of google-cloud-core to determine which version is compatible with other requirements. This could take a while.
INFO: pip is looking at multiple versions of google-cloud-bigquery-storage to determine which version is compatible with other requirements. This could take a while.
INFO: pip is looking at multiple versions of google-cloud-bigquery to determine which version is compatible with other requirements. This could take a while.
INFO: pip is looking at multiple versions of google-auth-oauthlib to determine which version is compatible with other requirements. This could take a while.
INFO: pip is looking at multiple versions of google-api-core[grpc] to determine which version is compatible with other requirements. This could take a while.
INFO: pip is looking at multiple versions of freezegun to determine which version is compatible with other requirements. This could take a while.
INFO: pip is looking at multiple versions of fonttools to determine which version is compatible with other requirements. This could take a while.
INFO: pip is looking at multiple versions of flask-testing to determine which version is compatible with other requirements. This could take a while.
INFO: pip is looking at multiple versions of docker to determine which version is compatible with other requirements. This could take a while.
INFO: pip is looking at multiple versions of db-dtypes to determine which version is compatible with other requirements. This could take a while.
INFO: pip is looking at multiple versions of cycler to determine which version is compatible with other requirements. This could take a while.
INFO: pip is looking at multiple versions of coverage[toml] to determine which version is compatible with other requirements. This could take a while.
INFO: pip is looking at multiple versions of contourpy to determine which version is compatible with other requirements. This could take a while.
INFO: pip is looking at multiple versions of cmdstanpy to determine which version is compatible with other requirements. This could take a while.
INFO: pip is looking at multiple versions of wheel to determine which version is compatible with other requirements. This could take a while.
INFO: pip is looking at multiple versions of virtualenv to determine which version is compatible with other requirements. This could take a while.
INFO: pip is looking at multiple versions of tox to determine which version is compatible with other requirements. This could take a while.
INFO: pip is looking at multiple versions of toposort to determine which version is compatible with other requirements. This could take a while.
INFO: pip is looking at multiple versions of pyproject-hooks to determine which version is compatible with other requirements. This could take a while.
INFO: pip is looking at multiple versions of pyproject-api to determine which version is compatible with other requirements. This could take a while.
INFO: pip is looking at multiple versions of pre-commit to determine which version is compatible with other requirements. This could take a while.
INFO: pip is looking at multiple versions of pluggy to determine which version is compatible with other requirements. This could take a while.
INFO: pip is looking at multiple versions of pip-tools to determine which version is compatible with other requirements. This could take a while.
INFO: pip is looking at multiple versions of pip-compile-multi to determine which version is compatible with other requirements. This could take a while.
INFO: pip is looking at multiple versions of nodeenv to determine which version is compatible with other requirements. This could take a while.
INFO: pip is looking at multiple versions of identify to determine which version is compatible with other requirements. This could take a while.
INFO: pip is looking at multiple versions of filelock to determine which version is compatible with other requirements. This could take a while.
INFO: pip is looking at multiple versions of distlib to determine which version is compatible with other requirements. This could take a while.
INFO: pip is looking at multiple versions of cfgv to determine which version is compatible with other requirements. This could take a while.
INFO: pip is looking at multiple versions of build to determine which version is compatible with other requirements. This could take a while.
INFO: pip is looking at multiple versions of xlrd to determine which version is compatible with other requirements. This could take a while.
INFO: pip is looking at multiple versions of unicodecsv to determine which version is compatible with other requirements. This could take a while.
INFO: pip is looking at multiple versions of traitlets to determine which version is compatible with other requirements. This could take a while.
INFO: pip is looking at multiple versions of tomlkit to determine which version is compatible with other requirements. This could take a while.
INFO: pip is looking at multiple versions of thrift to determine which version is compatible with other requirements. This could take a while.
INFO: pip is looking at multiple versions of tabulator to determine which version is compatible with other requirements. This could take a while.
INFO: pip is looking at multiple versions of tableschema to determine which version is compatible with other requirements. This could take a while.
INFO: pip is looking at multiple versions of stack-data to determine which version is compatible with other requirements. This could take a while.
INFO: pip is looking at multiple versions of sqloxide to determine which version is compatible with other requirements. This could take a while.
INFO: pip is looking at multiple versions of s3transfer to determine which version is compatible with other requirements. This could take a while.
INFO: pip is looking at multiple versions of rfc3986 to determine which version is compatible with other requirements. This could take a while.
INFO: pip is looking at multiple versions of python-ldap to determine which version is compatible with other requirements. This could take a while.
INFO: pip is looking at multiple versions of pylint to determine which version is compatible with other requirements. This could take a while.
INFO: pip is looking at multiple versions of pyinstrument to determine which version is compatible with other requirements. This could take a while.
INFO: pip is looking at multiple versions of pyhive[hive-pure-sasl] to determine which version is compatible with other requirements. This could take a while.
INFO: pip is looking at multiple versions of pydruid to determine which version is compatible with other requirements. This could take a while.
INFO: pip is looking at multiple versions of pure-eval to determine which version is compatible with other requirements. This could take a while.
INFO: pip is looking at multiple versions of ptyprocess to determine which version is compatible with other requirements. This could take a while.
INFO: pip is looking at multiple versions of psycopg2-binary to determine which version is compatible with other requirements. This could take a while.
INFO: pip is looking at multiple versions of progress to determine which version is compatible with other requirements. This could take a while.
INFO: pip is looking at multiple versions of pillow to determine which version is compatible with other requirements. This could take a while.
INFO: pip is looking at multiple versions of pickleshare to determine which version is compatible with other requirements. This could take a while.
INFO: pip is looking at multiple versions of pexpect to determine which version is compatible with other requirements. This could take a while.
INFO: pip is looking at multiple versions of parso to determine which version is compatible with other requirements. This could take a while.
INFO: pip is looking at multiple versions of openpyxl to determine which version is compatible with other requirements. This could take a while.
INFO: pip is looking at multiple versions of mysqlclient to determine which version is compatible with other requirements. This could take a while.
INFO: pip is looking at multiple versions of mccabe to determine which version is compatible with other requirements. This could take a while.
INFO: pip is looking at multiple versions of matplotlib-inline to determine which version is compatible with other requirements. This could take a while.
INFO: pip is looking at multiple versions of linear-tsv to determine which version is compatible with other requirements. This could take a while.
INFO: pip is looking at multiple versions of lazy-object-proxy to determine which version is compatible with other requirements. This could take a while.
INFO: pip is looking at multiple versions of jsonlines to determine which version is compatible with other requirements. This could take a while.
INFO: pip is looking at multiple versions of jmespath to determine which version is compatible with other requirements. This could take a while.
INFO: pip is looking at multiple versions of jedi to determine which version is compatible with other requirements. This could take a while.
INFO: pip is looking at multiple versions of isort to determine which version is compatible with other requirements. This could take a while.
INFO: pip is looking at multiple versions of ipython to determine which version is compatible with other requirements. This could take a while.
INFO: pip is looking at multiple versions of ijson to determine which version is compatible with other requirements. This could take a while.
INFO: pip is looking at multiple versions of future to determine which version is compatible with other requirements. This could take a while.
INFO: pip is looking at multiple versions of flask-cors to determine which version is compatible with other requirements. This could take a while.
INFO: pip is looking at multiple versions of executing to determine which version is compatible with other requirements. This could take a while.
INFO: pip is looking at multiple versions of et-xmlfile to determine which version is compatible with other requirements. This could take a while.
INFO: pip is looking at multiple versions of dill to determine which version is compatible with other requirements. This could take a while.
INFO: pip is looking at multiple versions of decorator to determine which version is compatible with other requirements. This could take a while.
INFO: pip is looking at multiple versions of chardet to determine which version is compatible with other requirements. This could take a while.
INFO: pip is looking at multiple versions of cached-property to determine which version is compatible with other requirements. This could take a while.
INFO: pip is looking at multiple versions of botocore to determine which version is compatible with other requirements. This could take a while.
INFO: pip is looking at multiple versions of boto3 to determine which version is compatible with other requirements. This could take a while.
INFO: pip is looking at multiple versions of backcall to determine which version is compatible with other requirements. This could take a while.
INFO: pip is looking at multiple versions of asttokens to determine which version is compatible with other requirements. This could take a while.
INFO: pip is looking at multiple versions of astroid to determine which version is compatible with other requirements. This could take a while.
INFO: pip is looking at multiple versions of appnope to determine which version is compatible with other requirements. This could take a while.
INFO: pip is looking at multiple versions of zipp to determine which version is compatible with other requirements. This could take a while.
INFO: pip is looking at multiple versions of xlsxwriter to determine which version is compatible with other requirements. This could take a while.
INFO: pip is looking at multiple versions of wtforms-json to determine which version is compatible with other requirements. This could take a while.
INFO: pip is looking at multiple versions of wtforms to determine which version is compatible with other requirements. This could take a while.
INFO: pip is looking at multiple versions of wrapt to determine which version is compatible with other requirements. This could take a while.
INFO: pip is looking at multiple versions of werkzeug to determine which version is compatible with other requirements. This could take a while.
INFO: pip is looking at multiple versions of wcwidth to determine which version is compatible with other requirements. This could take a while.
INFO: pip is looking at multiple versions of vine to determine which version is compatible with other requirements. This could take a while.
INFO: pip is looking at multiple versions of urllib3 to determine which version is compatible with other requirements. This could take a while.
INFO: pip is looking at multiple versions of url-normalize to determine which version is compatible with other requirements. This could take a while.
INFO: pip is looking at multiple versions of tzdata to determine which version is compatible with other requirements. This could take a while.
INFO: pip is looking at multiple versions of typing-extensions to determine which version is compatible with other requirements. This could take a while.
INFO: pip is looking at multiple versions of tabulate to determine which version is compatible with other requirements. This could take a while.
INFO: pip is looking at multiple versions of sshtunnel to determine which version is compatible with other requirements. This could take a while.
INFO: pip is looking at multiple versions of sqlparse to determine which version is compatible with other requirements. This could take a while.
INFO: pip is looking at multiple versions of sqlglot to determine which version is compatible with other requirements. This could take a while.
INFO: pip is looking at multiple versions of sqlalchemy-utils to determine which version is compatible with other requirements. This could take a while.
INFO: pip is looking at multiple versions of sqlalchemy to determine which version is compatible with other requirements. This could take a while.
INFO: pip is looking at multiple versions of slack-sdk to determine which version is compatible with other requirements. This could take a while.
INFO: pip is looking at multiple versions of six to determine which version is compatible with other requirements. This could take a while.
INFO: pip is looking at multiple versions of simplejson to determine which version is compatible with other requirements. This could take a while.
INFO: pip is looking at multiple versions of shortid to determine which version is compatible with other requirements. This could take a while.
INFO: pip is looking at multiple versions of shillelagh[gsheetsapi] to determine which version is compatible with other requirements. This could take a while.
INFO: pip is looking at multiple versions of selenium to determine which version is compatible with other requirements. This could take a while.
INFO: pip is looking at multiple versions of rsa to determine which version is compatible with other requirements. This could take a while.
INFO: pip is looking at multiple versions of rich to determine which version is compatible with other requirements. This could take a while.
INFO: pip is looking at multiple versions of requests-cache to determine which version is compatible with other requirements. This could take a while.
INFO: pip is looking at multiple versions of requests to determine which version is compatible with other requirements. This could take a while.
INFO: pip is looking at multiple versions of redis to determine which version is compatible with other requirements. This could take a while.
INFO: pip is looking at multiple versions of pyyaml to determine which version is compatible with other requirements. This could take a while.
INFO: pip is looking at multiple versions of pytz to determine which version is compatible with other requirements. This could take a while.
INFO: pip is looking at multiple versions of python-geohash to determine which version is compatible with other requirements. This could take a while.
INFO: pip is looking at multiple versions of python-editor to determine which version is compatible with other requirements. This could take a while.
INFO: pip is looking at multiple versions of python-dotenv to determine which version is compatible with other requirements. This could take a while.
INFO: pip is looking at multiple versions of python-dateutil to determine which version is compatible with other requirements. This could take a while.
INFO: pip is looking at multiple versions of pyrsistent to determine which version is compatible with other requirements. This could take a while.
INFO: pip is looking at multiple versions of pyparsing to determine which version is compatible with other requirements. This could take a while.
INFO: pip is looking at multiple versions of pynacl to determine which version is compatible with other requirements. This could take a while.
INFO: pip is looking at multiple versions of pyjwt to determine which version is compatible with other requirements. This could take a while.
INFO: pip is looking at multiple versions of pygments to determine which version is compatible with other requirements. This could take a while.
INFO: pip is looking at multiple versions of pycparser to determine which version is compatible with other requirements. This could take a while.
INFO: pip is looking at multiple versions of pyasn1-modules to determine which version is compatible with other requirements. This could take a while.
INFO: pip is looking at multiple versions of pyasn1 to determine which version is compatible with other requirements. This could take a while.
INFO: pip is looking at multiple versions of pyarrow to determine which version is compatible with other requirements. This could take a while.
INFO: pip is looking at multiple versions of prompt-toolkit to determine which version is compatible with other requirements. This could take a while.
INFO: pip is looking at multiple versions of prison to determine which version is compatible with other requirements. This could take a while.
INFO: pip is looking at multiple versions of polyline to determine which version is compatible with other requirements. This could take a while.
INFO: pip is looking at multiple versions of platformdirs to determine which version is compatible with other requirements. This could take a while.
INFO: pip is looking at multiple versions of pgsanity to determine which version is compatible with other requirements. This could take a while.
INFO: pip is looking at multiple versions of parsedatetime to determine which version is compatible with other requirements. This could take a while.
INFO: pip is looking at multiple versions of paramiko to determine which version is compatible with other requirements. This could take a while.
INFO: pip is looking at multiple versions of pandas[performance] to determine which version is compatible with other requirements. This could take a while.
INFO: pip is looking at multiple versions of packaging to determine which version is compatible with other requirements. This could take a while.
INFO: pip is looking at multiple versions of ordered-set to determine which version is compatible with other requirements. This could take a while.
INFO: pip is looking at multiple versions of numpy to determine which version is compatible with other requirements. This could take a while.
INFO: pip is looking at multiple versions of numexpr to determine which version is compatible with other requirements. This could take a while.
INFO: pip is looking at multiple versions of numba to determine which version is compatible with other requirements. This could take a while.
INFO: pip is looking at multiple versions of nh3 to determine which version is compatible with other requirements. This could take a while.
INFO: pip is looking at multiple versions of msgpack to determine which version is compatible with other requirements. This could take a while.
INFO: pip is looking at multiple versions of mdurl to determine which version is compatible with other requirements. This could take a while.
INFO: pip is looking at multiple versions of marshmallow-sqlalchemy to determine which version is compatible with other requirements. This could take a while.
INFO: pip is looking at multiple versions of marshmallow to determine which version is compatible with other requirements. This could take a while.
INFO: pip is looking at multiple versions of markupsafe to determine which version is compatible with other requirements. This could take a while.
INFO: pip is looking at multiple versions of markdown-it-py to determine which version is compatible with other requirements. This could take a while.
INFO: pip is looking at multiple versions of markdown to determine which version is compatible with other requirements. This could take a while.
INFO: pip is looking at multiple versions of mako to determine which version is compatible with other requirements. This could take a while.
INFO: pip is looking at multiple versions of llvmlite to determine which version is compatible with other requirements. This could take a while.
INFO: pip is looking at multiple versions of limits to determine which version is compatible with other requirements. This could take a while.
INFO: pip is looking at multiple versions of korean-lunar-calendar to determine which version is compatible with other requirements. This could take a while.
INFO: pip is looking at multiple versions of kombu to determine which version is compatible with other requirements. This could take a while.
INFO: pip is looking at multiple versions of jsonschema to determine which version is compatible with other requirements. This could take a while.
INFO: pip is looking at multiple versions of jinja2 to determine which version is compatible with other requirements. This could take a while.
INFO: pip is looking at multiple versions of itsdangerous to determine which version is compatible with other requirements. This could take a while.
INFO: pip is looking at multiple versions of isodate to determine which version is compatible with other requirements. This could take a while.
INFO: pip is looking at multiple versions of importlib-resources to determine which version is compatible with other requirements. This could take a while.
INFO: pip is looking at multiple versions of importlib-metadata to determine which version is compatible with other requirements. This could take a while.
INFO: pip is looking at multiple versions of idna to determine which version is compatible with other requirements. This could take a while.
INFO: pip is looking at multiple versions of humanize to determine which version is compatible with other requirements. This could take a while.
INFO: pip is looking at multiple versions of holidays to determine which version is compatible with other requirements. This could take a while.
INFO: pip is looking at multiple versions of hashids to determine which version is compatible with other requirements. This could take a while.
INFO: pip is looking at multiple versions of gunicorn to determine which version is compatible with other requirements. This could take a while.
INFO: pip is looking at multiple versions of greenlet to determine which version is compatible with other requirements. This could take a while.
INFO: pip is looking at multiple versions of google-auth to determine which version is compatible with other requirements. This could take a while.
INFO: pip is looking at multiple versions of geopy to determine which version is compatible with other requirements. This could take a while.
INFO: pip is looking at multiple versions of geographiclib to determine which version is compatible with other requirements. This could take a while.
INFO: pip is looking at multiple versions of func-timeout to determine which version is compatible with other requirements. This could take a while.
INFO: pip is looking at multiple versions of flask-wtf to determine which version is compatible with other requirements. This could take a while.
INFO: pip is looking at multiple versions of flask-talisman to determine which version is compatible with other requirements. This could take a while.
INFO: pip is looking at multiple versions of flask-sqlalchemy to determine which version is compatible with other requirements. This could take a while.
INFO: pip is looking at multiple versions of flask-session to determine which version is compatible with other requirements. This could take a while.
INFO: pip is looking at multiple versions of flask-migrate to determine which version is compatible with other requirements. This could take a while.
INFO: pip is looking at multiple versions of flask-login to determine which version is compatible with other requirements. This could take a while.
INFO: pip is looking at multiple versions of flask-limiter to determine which version is compatible with other requirements. This could take a while.
INFO: pip is looking at multiple versions of flask-jwt-extended to determine which version is compatible with other requirements. This could take a while.
INFO: pip is looking at multiple versions of flask-compress to determine which version is compatible with other requirements. This could take a while.
INFO: pip is looking at multiple versions of flask-caching to determine which version is compatible with other requirements. This could take a while.
INFO: pip is looking at multiple versions of flask-babel to determine which version is compatible with other requirements. This could take a while.
INFO: pip is looking at multiple versions of flask-appbuilder to determine which version is compatible with other requirements. This could take a while.
INFO: pip is looking at multiple versions of flask to determine which version is compatible with other requirements. This could take a while.
INFO: pip is looking at multiple versions of email-validator to determine which version is compatible with other requirements. This could take a while.
INFO: pip is looking at multiple versions of dnspython to determine which version is compatible with other requirements. This could take a while.
INFO: pip is looking at multiple versions of deprecation to determine which version is compatible with other requirements. This could take a while.
INFO: pip is looking at multiple versions of deprecated to determine which version is compatible with other requirements. This could take a while.
INFO: pip is looking at multiple versions of cryptography to determine which version is compatible with other requirements. This could take a while.
INFO: pip is looking at multiple versions of croniter to determine which version is compatible with other requirements. This could take a while.
INFO: pip is looking at multiple versions of cron-descriptor to determine which version is compatible with other requirements. This could take a while.
INFO: pip is looking at multiple versions of colorama to determine which version is compatible with other requirements. This could take a while.
INFO: pip is looking at multiple versions of click-repl to determine which version is compatible with other requirements. This could take a while.
INFO: pip is looking at multiple versions of click-plugins to determine which version is compatible with other requirements. This could take a while.
INFO: pip is looking at multiple versions of click-option-group to determine which version is compatible with other requirements. This could take a while.
INFO: pip is looking at multiple versions of click-didyoumean to determine which version is compatible with other requirements. This could take a while.
INFO: pip is looking at multiple versions of click to determine which version is compatible with other requirements. This could take a while.
INFO: pip is looking at multiple versions of charset-normalizer to determine which version is compatible with other requirements. This could take a while.
INFO: pip is looking at multiple versions of cffi to determine which version is compatible with other requirements. This could take a while.
INFO: pip is looking at multiple versions of certifi to determine which version is compatible with other requirements. This could take a while.
INFO: pip is looking at multiple versions of celery to determine which version is compatible with other requirements. This could take a while.
INFO: pip is looking at multiple versions of cattrs to determine which version is compatible with other requirements. This could take a while.
INFO: pip is looking at multiple versions of cachetools to determine which version is compatible with other requirements. This could take a while.
INFO: pip is looking at multiple versions of cachelib to determine which version is compatible with other requirements. This could take a while.
INFO: pip is looking at multiple versions of brotli to determine which version is compatible with other requirements. This could take a while.
INFO: pip is looking at multiple versions of bottleneck to determine which version is compatible with other requirements. This could take a while.
INFO: pip is looking at multiple versions of billiard to determine which version is compatible with other requirements. This could take a while.
INFO: pip is looking at multiple versions of bcrypt to determine which version is compatible with other requirements. This could take a while.
INFO: pip is looking at multiple versions of backoff to determine which version is compatible with other requirements. This could take a while.
INFO: pip is looking at multiple versions of babel to determine which version is compatible with other requirements. This could take a while.
INFO: pip is looking at multiple versions of attrs to determine which version is compatible with other requirements. This could take a while.
INFO: pip is looking at multiple versions of async-timeout to determine which version is compatible with other requirements. This could take a while.
INFO: pip is looking at multiple versions of apsw to determine which version is compatible with other requirements. This could take a while.
INFO: pip is looking at multiple versions of apispec[yaml] to determine which version is compatible with other requirements. This could take a while.
INFO: pip is looking at multiple versions of amqp to determine which version is compatible with other requirements. This could take a while.
INFO: pip is looking at multiple versions of <Python from Requires-Python> to determine which version is compatible with other requirements. This could take a while.
INFO: pip is looking at multiple versions of alembic to determine which version is compatible with other requirements. This could take a while.
ERROR: Cannot install -r requirements/base.txt (line 8) and selenium==4.15.1 because these package versions have conflicting dependencies.

The conflict is caused by:
    The user requested selenium==4.15.1
    apache-superset 4.0.2 depends on selenium<4.10.0 and >=3.141.0

To fix this you could try to:
1. loosen the range of package versions you've specified
2. remove package versions to allow pip attempt to solve the dependency conflict

ERROR: ResolutionImpossible: for help visit https://pip.pypa.io/en/latest/topics/dependency-resolution/#dealing-with-dependency-conflicts

[notice] A new release of pip is available: 23.0.1 -> 24.3.1
[notice] To update, run: pip install --upgrade pip
